Loading prioritizrdata
Loading required package: testthat
Loading required package: raster
Loading required package: sp
Testing prioritizrdata
salt data: ..
tas data: ...

DONE ===========================================================================
